Checking dependencies...
Success


Gathering project info...
Successfully gathered project info:
Name: Katana
Path: Katana/
Unity Version: 6000.3.10f1


Testing SSH connection...
Connection to 'nn@192.168.0.10' successful


Checking remote dependencies...
TERM environment variable not set.

 אאאאאאאא              אאאאאאאא              אאאאא
 אאאאאאאאא             אאאאאאאאא             אאאאא
 אאאאאאאאאא            אאאאאאאאאא            אאאאא
 אאאאא אאאאא           אאאאא אאאאא           אאאאא
 אאאאא  אאאאא          אאאאא  אאאאא          אאאאא
 אאאאא   אאאאא         אאאאא   אאאאא         אאאאא
 אאאאא    אאאאא        אאאאא    אאאאא        אאאאא
 אאאאא     אאאאא       אאאאא     אאאאא       אאאאא
 אאאאא      אאאאא      אאאאא      אאאאא      אאאאא
 אאאאא       אאאאא     אאאאא       אאאאא     אאאאא
 אאאאא        אאאאא    אאאאא        אאאאא    אאאאא
 אאאאא         אאאאא   אאאאא         אאאאא   אאאאא
 אאאאא          אאאאא  אאאאא          אאאאא  אאאאא
 אאאאא           אאאאא אאאאא           אאאאא אאאאא
 אאאאא            אאאאאאאאאא            אאאאאאאאאא
 אאאאא             אאאאאאאאא             אאאאאאאאא
 אאאאא              אאאאאאאא              אאאאאאאא
 
 
 
                  [30m████[31m████[32m████[33m████[34m████[35m████[36m████[37m████[0m
                  [90m████[91m████[92m████[93m████[94m████[95m████[96m████[97m████[0m[1G[22A[54C≺ nn ☦ ergasterion ≻
[54C  ⪧[60GArch Linux x86_64
[54C  ⪧[60GLinux 6.19.6-1-cachyos-server
[54C󰏖  ⪧[60G1352 (pacman)
[54C  ⪧[60Gfish 4.5.0
[54C  ⪧[60Gsshd
[54C󰍹  ⪧[60G1920x1080 in 49", 60 Hz [External]
[54C󰌢  ⪧[60GH81M-D2V
[54C  ⪧[60GIntel(R) Core(TM) i7-4770 (8) @ 3.90 GHz
[54C󰾲  ⪧[60GAMD Radeon HD 6770
[54C󰾲  ⪧[60GIntel Xeon E3-1200 v3/4th Gen Core Processor Integrated Graphics Controller @ 1.20 GHz [Integrated]
[54C  ⪧[60G[ ❄❄❄❄❄🞚🞚🞚🞚🞚🞚🞚🞚🞚🞚🞚🞚🞚🞚🞚 ] 2.00 GiB / 7.64 GiB (26%)
[54C󰓡  ⪧[60G[ ❄🞚🞚🞚🞚🞚🞚🞚🞚🞚🞚🞚🞚🞚🞚🞚🞚🞚🞚🞚 ] 799.64 MiB / 11.82 GiB (7%)
[54C  ⪧[60G[ ❄❄❄❄❄❄❄🞚🞚🞚🞚🞚🞚🞚🞚🞚🞚🞚🞚🞚 ] 35.25 GiB / 97.87 GiB (36%) - ext4
[54C  ⪧[60G[ ❄❄❄❄❄❄❄🞚🞚🞚🞚🞚🞚🞚🞚🞚🞚🞚🞚🞚 ] 37.55 GiB / 111.72 GiB (34%) - ext4
[54C󰩟  ⪧[60G192.168.0.10/24
[54C  ⪧[60G1 hour, 1 min







TERM environment variable not set.

 אאאאאאאא              אאאאאאאא              אאאאא
 אאאאאאאאא             אאאאאאאאא             אאאאא
 אאאאאאאאאא            אאאאאאאאאא            אאאאא
 אאאאא אאאאא           אאאאא אאאאא           אאאאא
 אאאאא  אאאאא          אאאאא  אאאאא          אאאאא
 אאאאא   אאאאא         אאאאא   אאאאא         אאאאא
 אאאאא    אאאאא        אאאאא    אאאאא        אאאאא
 אאאאא     אאאאא       אאאאא     אאאאא       אאאאא
 אאאאא      אאאאא      אאאאא      אאאאא      אאאאא
 אאאאא       אאאאא     אאאאא       אאאאא     אאאאא
 אאאאא        אאאאא    אאאאא        אאאאא    אאאאא
 אאאאא         אאאאא   אאאאא         אאאאא   אאאאא
 אאאאא          אאאאא  אאאאא          אאאאא  אאאאא
 אאאאא           אאאאא אאאאא           אאאאא אאאאא
 אאאאא            אאאאאאאאאא            אאאאאאאאאא
 אאאאא             אאאאאאאאא             אאאאאאאאא
 אאאאא              אאאאאאאא              אאאאאאאא
 
 
 
                  [30m████[31m████[32m████[33m████[34m████[35m████[36m████[37m████[0m
                  [90m████[91m████[92m████[93m████[94m████[95m████[96m████[97m████[0m[1G[22A[54C≺ nn ☦ ergasterion ≻
[54C  ⪧[60GArch Linux x86_64
[54C  ⪧[60GLinux 6.19.6-1-cachyos-server
[54C󰏖  ⪧[60G1352 (pacman)
[54C  ⪧[60Gfish 4.5.0
[54C  ⪧[60Gsshd
[54C󰍹  ⪧[60G1920x1080 in 49", 60 Hz [External]
[54C󰌢  ⪧[60GH81M-D2V
[54C  ⪧[60GIntel(R) Core(TM) i7-4770 (8) @ 3.90 GHz
[54C󰾲  ⪧[60GAMD Radeon HD 6770
[54C󰾲  ⪧[60GIntel Xeon E3-1200 v3/4th Gen Core Processor Integrated Graphics Controller @ 1.20 GHz [Integrated]
[54C  ⪧[60G[ ❄❄❄❄❄🞚🞚🞚🞚🞚🞚🞚🞚🞚🞚🞚🞚🞚🞚🞚 ] 2.00 GiB / 7.64 GiB (26%)
[54C󰓡  ⪧[60G[ ❄🞚🞚🞚🞚🞚🞚🞚🞚🞚🞚🞚🞚🞚🞚🞚🞚🞚🞚🞚 ] 799.64 MiB / 11.82 GiB (7%)
[54C  ⪧[60G[ ❄❄❄❄❄❄❄🞚🞚🞚🞚🞚🞚🞚🞚🞚🞚🞚🞚🞚 ] 35.25 GiB / 97.87 GiB (36%) - ext4
[54C  ⪧[60G[ ❄❄❄❄❄❄❄🞚🞚🞚🞚🞚🞚🞚🞚🞚🞚🞚🞚🞚 ] 37.55 GiB / 111.72 GiB (34%) - ext4
[54C󰩟  ⪧[60G192.168.0.10/24
[54C  ⪧[60G1 hour, 1 min







TERM environment variable not set.

 אאאאאאאא              אאאאאאאא              אאאאא
 אאאאאאאאא             אאאאאאאאא             אאאאא
 אאאאאאאאאא            אאאאאאאאאא            אאאאא
 אאאאא אאאאא           אאאאא אאאאא           אאאאא
 אאאאא  אאאאא          אאאאא  אאאאא          אאאאא
 אאאאא   אאאאא         אאאאא   אאאאא         אאאאא
 אאאאא    אאאאא        אאאאא    אאאאא        אאאאא
 אאאאא     אאאאא       אאאאא     אאאאא       אאאאא
 אאאאא      אאאאא      אאאאא      אאאאא      אאאאא
 אאאאא       אאאאא     אאאאא       אאאאא     אאאאא
 אאאאא        אאאאא    אאאאא        אאאאא    אאאאא
 אאאאא         אאאאא   אאאאא         אאאאא   אאאאא
 אאאאא          אאאאא  אאאאא          אאאאא  אאאאא
 אאאאא           אאאאא אאאאא           אאאאא אאאאא
 אאאאא            אאאאאאאאאא            אאאאאאאאאא
 אאאאא             אאאאאאאאא             אאאאאאאאא
 אאאאא              אאאאאאאא              אאאאאאאא
 
 
 
                  [30m████[31m████[32m████[33m████[34m████[35m████[36m████[37m████[0m
                  [90m████[91m████[92m████[93m████[94m████[95m████[96m████[97m████[0m[1G[22A[54C≺ nn ☦ ergasterion ≻
[54C  ⪧[60GArch Linux x86_64
[54C  ⪧[60GLinux 6.19.6-1-cachyos-server
[54C󰏖  ⪧[60G1352 (pacman)
[54C  ⪧[60Gfish 4.5.0
[54C  ⪧[60Gsshd
[54C󰍹  ⪧[60G1920x1080 in 49", 60 Hz [External]
[54C󰌢  ⪧[60GH81M-D2V
[54C  ⪧[60GIntel(R) Core(TM) i7-4770 (8) @ 3.90 GHz
[54C󰾲  ⪧[60GAMD Radeon HD 6770
[54C󰾲  ⪧[60GIntel Xeon E3-1200 v3/4th Gen Core Processor Integrated Graphics Controller @ 1.20 GHz [Integrated]
[54C  ⪧[60G[ ❄❄❄❄❄🞚🞚🞚🞚🞚🞚🞚🞚🞚🞚🞚🞚🞚🞚🞚 ] 2.00 GiB / 7.64 GiB (26%)
[54C󰓡  ⪧[60G[ ❄🞚🞚🞚🞚🞚🞚🞚🞚🞚🞚🞚🞚🞚🞚🞚🞚🞚🞚🞚 ] 799.64 MiB / 11.82 GiB (7%)
[54C  ⪧[60G[ ❄❄❄❄❄❄❄🞚🞚🞚🞚🞚🞚🞚🞚🞚🞚🞚🞚🞚 ] 35.25 GiB / 97.87 GiB (36%) - ext4
[54C  ⪧[60G[ ❄❄❄❄❄❄❄🞚🞚🞚🞚🞚🞚🞚🞚🞚🞚🞚🞚🞚 ] 37.55 GiB / 111.72 GiB (34%) - ext4
[54C󰩟  ⪧[60G192.168.0.10/24
[54C  ⪧[60G1 hour, 1 min







TERM environment variable not set.

 אאאאאאאא              אאאאאאאא              אאאאא
 אאאאאאאאא             אאאאאאאאא             אאאאא
 אאאאאאאאאא            אאאאאאאאאא            אאאאא
 אאאאא אאאאא           אאאאא אאאאא           אאאאא
 אאאאא  אאאאא          אאאאא  אאאאא          אאאאא
 אאאאא   אאאאא         אאאאא   אאאאא         אאאאא
 אאאאא    אאאאא        אאאאא    אאאאא        אאאאא
 אאאאא     אאאאא       אאאאא     אאאאא       אאאאא
 אאאאא      אאאאא      אאאאא      אאאאא      אאאאא
 אאאאא       אאאאא     אאאאא       אאאאא     אאאאא
 אאאאא        אאאאא    אאאאא        אאאאא    אאאאא
 אאאאא         אאאאא   אאאאא         אאאאא   אאאאא
 אאאאא          אאאאא  אאאאא          אאאאא  אאאאא
 אאאאא           אאאאא אאאאא           אאאאא אאאאא
 אאאאא            אאאאאאאאאא            אאאאאאאאאא
 אאאאא             אאאאאאאאא             אאאאאאאאא
 אאאאא              אאאאאאאא              אאאאאאאא
 
 
 
                  [30m████[31m████[32m████[33m████[34m████[35m████[36m████[37m████[0m
                  [90m████[91m████[92m████[93m████[94m████[95m████[96m████[97m████[0m[1G[22A[54C≺ nn ☦ ergasterion ≻
[54C  ⪧[60GArch Linux x86_64
[54C  ⪧[60GLinux 6.19.6-1-cachyos-server
[54C󰏖  ⪧[60G1352 (pacman)
[54C  ⪧[60Gfish 4.5.0
[54C  ⪧[60Gsshd
[54C󰍹  ⪧[60G1920x1080 in 49", 60 Hz [External]
[54C󰌢  ⪧[60GH81M-D2V
[54C  ⪧[60GIntel(R) Core(TM) i7-4770 (8) @ 3.90 GHz
[54C󰾲  ⪧[60GAMD Radeon HD 6770
[54C󰾲  ⪧[60GIntel Xeon E3-1200 v3/4th Gen Core Processor Integrated Graphics Controller @ 1.20 GHz [Integrated]
[54C  ⪧[60G[ ❄❄❄❄❄🞚🞚🞚🞚🞚🞚🞚🞚🞚🞚🞚🞚🞚🞚🞚 ] 2.00 GiB / 7.64 GiB (26%)
[54C󰓡  ⪧[60G[ ❄🞚🞚🞚🞚🞚🞚🞚🞚🞚🞚🞚🞚🞚🞚🞚🞚🞚🞚🞚 ] 799.64 MiB / 11.82 GiB (7%)
[54C  ⪧[60G[ ❄❄❄❄❄❄❄🞚🞚🞚🞚🞚🞚🞚🞚🞚🞚🞚🞚🞚 ] 35.25 GiB / 97.87 GiB (36%) - ext4
[54C  ⪧[60G[ ❄❄❄❄❄❄❄🞚🞚🞚🞚🞚🞚🞚🞚🞚🞚🞚🞚🞚 ] 37.55 GiB / 111.72 GiB (34%) - ext4
[54C󰩟  ⪧[60G192.168.0.10/24
[54C  ⪧[60G1 hour, 1 min







TERM environment variable not set.

 אאאאאאאא              אאאאאאאא              אאאאא
 אאאאאאאאא             אאאאאאאאא             אאאאא
 אאאאאאאאאא            אאאאאאאאאא            אאאאא
 אאאאא אאאאא           אאאאא אאאאא           אאאאא
 אאאאא  אאאאא          אאאאא  אאאאא          אאאאא
 אאאאא   אאאאא         אאאאא   אאאאא         אאאאא
 אאאאא    אאאאא        אאאאא    אאאאא        אאאאא
 אאאאא     אאאאא       אאאאא     אאאאא       אאאאא
 אאאאא      אאאאא      אאאאא      אאאאא      אאאאא
 אאאאא       אאאאא     אאאאא       אאאאא     אאאאא
 אאאאא        אאאאא    אאאאא        אאאאא    אאאאא
 אאאאא         אאאאא   אאאאא         אאאאא   אאאאא
 אאאאא          אאאאא  אאאאא          אאאאא  אאאאא
 אאאאא           אאאאא אאאאא           אאאאא אאאאא
 אאאאא            אאאאאאאאאא            אאאאאאאאאא
 אאאאא             אאאאאאאאא             אאאאאאאאא
 אאאאא              אאאאאאאא              אאאאאאאא
 
 
 
                  [30m████[31m████[32m████[33m████[34m████[35m████[36m████[37m████[0m
                  [90m████[91m████[92m████[93m████[94m████[95m████[96m████[97m████[0m[1G[22A[54C≺ nn ☦ ergasterion ≻
[54C  ⪧[60GArch Linux x86_64
[54C  ⪧[60GLinux 6.19.6-1-cachyos-server
[54C󰏖  ⪧[60G1352 (pacman)
[54C  ⪧[60Gfish 4.5.0
[54C  ⪧[60Gsshd
[54C󰍹  ⪧[60G1920x1080 in 49", 60 Hz [External]
[54C󰌢  ⪧[60GH81M-D2V
[54C  ⪧[60GIntel(R) Core(TM) i7-4770 (8) @ 3.90 GHz
[54C󰾲  ⪧[60GAMD Radeon HD 6770
[54C󰾲  ⪧[60GIntel Xeon E3-1200 v3/4th Gen Core Processor Integrated Graphics Controller @ 1.20 GHz [Integrated]
[54C  ⪧[60G[ ❄❄❄❄❄🞚🞚🞚🞚🞚🞚🞚🞚🞚🞚🞚🞚🞚🞚🞚 ] 2.00 GiB / 7.64 GiB (26%)
[54C󰓡  ⪧[60G[ ❄🞚🞚🞚🞚🞚🞚🞚🞚🞚🞚🞚🞚🞚🞚🞚🞚🞚🞚🞚 ] 799.64 MiB / 11.82 GiB (7%)
[54C  ⪧[60G[ ❄❄❄❄❄❄❄🞚🞚🞚🞚🞚🞚🞚🞚🞚🞚🞚🞚🞚 ] 35.25 GiB / 97.87 GiB (36%) - ext4
[54C  ⪧[60G[ ❄❄❄❄❄❄❄🞚🞚🞚🞚🞚🞚🞚🞚🞚🞚🞚🞚🞚 ] 37.55 GiB / 111.72 GiB (34%) - ext4
[54C󰩟  ⪧[60G192.168.0.10/24
[54C  ⪧[60G1 hour, 1 min







TERM environment variable not set.

 אאאאאאאא              אאאאאאאא              אאאאא
 אאאאאאאאא             אאאאאאאאא             אאאאא
 אאאאאאאאאא            אאאאאאאאאא            אאאאא
 אאאאא אאאאא           אאאאא אאאאא           אאאאא
 אאאאא  אאאאא          אאאאא  אאאאא          אאאאא
 אאאאא   אאאאא         אאאאא   אאאאא         אאאאא
 אאאאא    אאאאא        אאאאא    אאאאא        אאאאא
 אאאאא     אאאאא       אאאאא     אאאאא       אאאאא
 אאאאא      אאאאא      אאאאא      אאאאא      אאאאא
 אאאאא       אאאאא     אאאאא       אאאאא     אאאאא
 אאאאא        אאאאא    אאאאא        אאאאא    אאאאא
 אאאאא         אאאאא   אאאאא         אאאאא   אאאאא
 אאאאא          אאאאא  אאאאא          אאאאא  אאאאא
 אאאאא           אאאאא אאאאא           אאאאא אאאאא
 אאאאא            אאאאאאאאאא            אאאאאאאאאא
 אאאאא             אאאאאאאאא             אאאאאאאאא
 אאאאא              אאאאאאאא              אאאאאאאא
 
 
 
                  [30m████[31m████[32m████[33m████[34m████[35m████[36m████[37m████[0m
                  [90m████[91m████[92m████[93m████[94m████[95m████[96m████[97m████[0m[1G[22A[54C≺ nn ☦ ergasterion ≻
[54C  ⪧[60GArch Linux x86_64
[54C  ⪧[60GLinux 6.19.6-1-cachyos-server
[54C󰏖  ⪧[60G1352 (pacman)
[54C  ⪧[60Gfish 4.5.0
[54C  ⪧[60Gsshd
[54C󰍹  ⪧[60G1920x1080 in 49", 60 Hz [External]
[54C󰌢  ⪧[60GH81M-D2V
[54C  ⪧[60GIntel(R) Core(TM) i7-4770 (8) @ 3.90 GHz
[54C󰾲  ⪧[60GAMD Radeon HD 6770
[54C󰾲  ⪧[60GIntel Xeon E3-1200 v3/4th Gen Core Processor Integrated Graphics Controller @ 1.20 GHz [Integrated]
[54C  ⪧[60G[ ❄❄❄❄❄🞚🞚🞚🞚🞚🞚🞚🞚🞚🞚🞚🞚🞚🞚🞚 ] 2.00 GiB / 7.64 GiB (26%)
[54C󰓡  ⪧[60G[ ❄🞚🞚🞚🞚🞚🞚🞚🞚🞚🞚🞚🞚🞚🞚🞚🞚🞚🞚🞚 ] 799.64 MiB / 11.82 GiB (7%)
[54C  ⪧[60G[ ❄❄❄❄❄❄❄🞚🞚🞚🞚🞚🞚🞚🞚🞚🞚🞚🞚🞚 ] 35.25 GiB / 97.87 GiB (36%) - ext4
[54C  ⪧[60G[ ❄❄❄❄❄❄❄🞚🞚🞚🞚🞚🞚🞚🞚🞚🞚🞚🞚🞚 ] 37.55 GiB / 111.72 GiB (34%) - ext4
[54C󰩟  ⪧[60G192.168.0.10/24
[54C  ⪧[60G1 hour, 1 min







TERM environment variable not set.

 אאאאאאאא              אאאאאאאא              אאאאא
 אאאאאאאאא             אאאאאאאאא             אאאאא
 אאאאאאאאאא            אאאאאאאאאא            אאאאא
 אאאאא אאאאא           אאאאא אאאאא           אאאאא
 אאאאא  אאאאא          אאאאא  אאאאא          אאאאא
 אאאאא   אאאאא         אאאאא   אאאאא         אאאאא
 אאאאא    אאאאא        אאאאא    אאאאא        אאאאא
 אאאאא     אאאאא       אאאאא     אאאאא       אאאאא
 אאאאא      אאאאא      אאאאא      אאאאא      אאאאא
 אאאאא       אאאאא     אאאאא       אאאאא     אאאאא
 אאאאא        אאאאא    אאאאא        אאאאא    אאאאא
 אאאאא         אאאאא   אאאאא         אאאאא   אאאאא
 אאאאא          אאאאא  אאאאא          אאאאא  אאאאא
 אאאאא           אאאאא אאאאא           אאאאא אאאאא
 אאאאא            אאאאאאאאאא            אאאאאאאאאא
 אאאאא             אאאאאאאאא             אאאאאאאאא
 אאאאא              אאאאאאאא              אאאאאאאא
 
 
 
                  [30m████[31m████[32m████[33m████[34m████[35m████[36m████[37m████[0m
                  [90m████[91m████[92m████[93m████[94m████[95m████[96m████[97m████[0m[1G[22A[54C≺ nn ☦ ergasterion ≻
[54C  ⪧[60GArch Linux x86_64
[54C  ⪧[60GLinux 6.19.6-1-cachyos-server
[54C󰏖  ⪧[60G1352 (pacman)
[54C  ⪧[60Gfish 4.5.0
[54C  ⪧[60Gsshd
[54C󰍹  ⪧[60G1920x1080 in 49", 60 Hz [External]
[54C󰌢  ⪧[60GH81M-D2V
[54C  ⪧[60GIntel(R) Core(TM) i7-4770 (8) @ 3.90 GHz
[54C󰾲  ⪧[60GAMD Radeon HD 6770
[54C󰾲  ⪧[60GIntel Xeon E3-1200 v3/4th Gen Core Processor Integrated Graphics Controller @ 1.20 GHz [Integrated]
[54C  ⪧[60G[ ❄❄❄❄❄🞚🞚🞚🞚🞚🞚🞚🞚🞚🞚🞚🞚🞚🞚🞚 ] 2.00 GiB / 7.64 GiB (26%)
[54C󰓡  ⪧[60G[ ❄🞚🞚🞚🞚🞚🞚🞚🞚🞚🞚🞚🞚🞚🞚🞚🞚🞚🞚🞚 ] 799.62 MiB / 11.82 GiB (7%)
[54C  ⪧[60G[ ❄❄❄❄❄❄❄🞚🞚🞚🞚🞚🞚🞚🞚🞚🞚🞚🞚🞚 ] 35.25 GiB / 97.87 GiB (36%) - ext4
[54C  ⪧[60G[ ❄❄❄❄❄❄❄🞚🞚🞚🞚🞚🞚🞚🞚🞚🞚🞚🞚🞚 ] 37.55 GiB / 111.72 GiB (34%) - ext4
[54C󰩟  ⪧[60G192.168.0.10/24
[54C  ⪧[60G1 hour, 1 min







TERM environment variable not set.

 אאאאאאאא              אאאאאאאא              אאאאא
 אאאאאאאאא             אאאאאאאאא             אאאאא
 אאאאאאאאאא            אאאאאאאאאא            אאאאא
 אאאאא אאאאא           אאאאא אאאאא           אאאאא
 אאאאא  אאאאא          אאאאא  אאאאא          אאאאא
 אאאאא   אאאאא         אאאאא   אאאאא         אאאאא
 אאאאא    אאאאא        אאאאא    אאאאא        אאאאא
 אאאאא     אאאאא       אאאאא     אאאאא       אאאאא
 אאאאא      אאאאא      אאאאא      אאאאא      אאאאא
 אאאאא       אאאאא     אאאאא       אאאאא     אאאאא
 אאאאא        אאאאא    אאאאא        אאאאא    אאאאא
 אאאאא         אאאאא   אאאאא         אאאאא   אאאאא
 אאאאא          אאאאא  אאאאא          אאאאא  אאאאא
 אאאאא           אאאאא אאאאא           אאאאא אאאאא
 אאאאא            אאאאאאאאאא            אאאאאאאאאא
 אאאאא             אאאאאאאאא             אאאאאאאאא
 אאאאא              אאאאאאאא              אאאאאאאא
 
 
 
                  [30m████[31m████[32m████[33m████[34m████[35m████[36m████[37m████[0m
                  [90m████[91m████[92m████[93m████[94m████[95m████[96m████[97m████[0m[1G[22A[54C≺ nn ☦ ergasterion ≻
[54C  ⪧[60GArch Linux x86_64
[54C  ⪧[60GLinux 6.19.6-1-cachyos-server
[54C󰏖  ⪧[60G1352 (pacman)
[54C  ⪧[60Gfish 4.5.0
[54C  ⪧[60Gsshd
[54C󰍹  ⪧[60G1920x1080 in 49", 60 Hz [External]
[54C󰌢  ⪧[60GH81M-D2V
[54C  ⪧[60GIntel(R) Core(TM) i7-4770 (8) @ 3.90 GHz
[54C󰾲  ⪧[60GAMD Radeon HD 6770
[54C󰾲  ⪧[60GIntel Xeon E3-1200 v3/4th Gen Core Processor Integrated Graphics Controller @ 1.20 GHz [Integrated]
[54C  ⪧[60G[ ❄❄❄❄❄🞚🞚🞚🞚🞚🞚🞚🞚🞚🞚🞚🞚🞚🞚🞚 ] 2.00 GiB / 7.64 GiB (26%)
[54C󰓡  ⪧[60G[ ❄🞚🞚🞚🞚🞚🞚🞚🞚🞚🞚🞚🞚🞚🞚🞚🞚🞚🞚🞚 ] 799.61 MiB / 11.82 GiB (7%)
[54C  ⪧[60G[ ❄❄❄❄❄❄❄🞚🞚🞚🞚🞚🞚🞚🞚🞚🞚🞚🞚🞚 ] 35.25 GiB / 97.87 GiB (36%) - ext4
[54C  ⪧[60G[ ❄❄❄❄❄❄❄🞚🞚🞚🞚🞚🞚🞚🞚🞚🞚🞚🞚🞚 ] 37.55 GiB / 111.72 GiB (34%) - ext4
[54C󰩟  ⪧[60G192.168.0.10/24
[54C  ⪧[60G1 hour, 1 min







TERM environment variable not set.

 אאאאאאאא              אאאאאאאא              אאאאא
 אאאאאאאאא             אאאאאאאאא             אאאאא
 אאאאאאאאאא            אאאאאאאאאא            אאאאא
 אאאאא אאאאא           אאאאא אאאאא           אאאאא
 אאאאא  אאאאא          אאאאא  אאאאא          אאאאא
 אאאאא   אאאאא         אאאאא   אאאאא         אאאאא
 אאאאא    אאאאא        אאאאא    אאאאא        אאאאא
 אאאאא     אאאאא       אאאאא     אאאאא       אאאאא
 אאאאא      אאאאא      אאאאא      אאאאא      אאאאא
 אאאאא       אאאאא     אאאאא       אאאאא     אאאאא
 אאאאא        אאאאא    אאאאא        אאאאא    אאאאא
 אאאאא         אאאאא   אאאאא         אאאאא   אאאאא
 אאאאא          אאאאא  אאאאא          אאאאא  אאאאא
 אאאאא           אאאאא אאאאא           אאאאא אאאאא
 אאאאא            אאאאאאאאאא            אאאאאאאאאא
 אאאאא             אאאאאאאאא             אאאאאאאאא
 אאאאא              אאאאאאאא              אאאאאאאא
 
 
 
                  [30m████[31m████[32m████[33m████[34m████[35m████[36m████[37m████[0m
                  [90m████[91m████[92m████[93m████[94m████[95m████[96m████[97m████[0m[1G[22A[54C≺ nn ☦ ergasterion ≻
[54C  ⪧[60GArch Linux x86_64
[54C  ⪧[60GLinux 6.19.6-1-cachyos-server
[54C󰏖  ⪧[60G1352 (pacman)
[54C  ⪧[60Gfish 4.5.0
[54C  ⪧[60Gsshd
[54C󰍹  ⪧[60G1920x1080 in 49", 60 Hz [External]
[54C󰌢  ⪧[60GH81M-D2V
[54C  ⪧[60GIntel(R) Core(TM) i7-4770 (8) @ 3.90 GHz
[54C󰾲  ⪧[60GAMD Radeon HD 6770
[54C󰾲  ⪧[60GIntel Xeon E3-1200 v3/4th Gen Core Processor Integrated Graphics Controller @ 1.20 GHz [Integrated]
[54C  ⪧[60G[ ❄❄❄❄❄🞚🞚🞚🞚🞚🞚🞚🞚🞚🞚🞚🞚🞚🞚🞚 ] 2.00 GiB / 7.64 GiB (26%)
[54C󰓡  ⪧[60G[ ❄🞚🞚🞚🞚🞚🞚🞚🞚🞚🞚🞚🞚🞚🞚🞚🞚🞚🞚🞚 ] 799.61 MiB / 11.82 GiB (7%)
[54C  ⪧[60G[ ❄❄❄❄❄❄❄🞚🞚🞚🞚🞚🞚🞚🞚🞚🞚🞚🞚🞚 ] 35.25 GiB / 97.87 GiB (36%) - ext4
[54C  ⪧[60G[ ❄❄❄❄❄❄❄🞚🞚🞚🞚🞚🞚🞚🞚🞚🞚🞚🞚🞚 ] 37.55 GiB / 111.72 GiB (34%) - ext4
[54C󰩟  ⪧[60G192.168.0.10/24
[54C  ⪧[60G1 hour, 1 min







TERM environment variable not set.

 אאאאאאאא              אאאאאאאא              אאאאא
 אאאאאאאאא             אאאאאאאאא             אאאאא
 אאאאאאאאאא            אאאאאאאאאא            אאאאא
 אאאאא אאאאא           אאאאא אאאאא           אאאאא
 אאאאא  אאאאא          אאאאא  אאאאא          אאאאא
 אאאאא   אאאאא         אאאאא   אאאאא         אאאאא
 אאאאא    אאאאא        אאאאא    אאאאא        אאאאא
 אאאאא     אאאאא       אאאאא     אאאאא       אאאאא
 אאאאא      אאאאא      אאאאא      אאאאא      אאאאא
 אאאאא       אאאאא     אאאאא       אאאאא     אאאאא
 אאאאא        אאאאא    אאאאא        אאאאא    אאאאא
 אאאאא         אאאאא   אאאאא         אאאאא   אאאאא
 אאאאא          אאאאא  אאאאא          אאאאא  אאאאא
 אאאאא           אאאאא אאאאא           אאאאא אאאאא
 אאאאא            אאאאאאאאאא            אאאאאאאאאא
 אאאאא             אאאאאאאאא             אאאאאאאאא
 אאאאא              אאאאאאאא              אאאאאאאא
 
 
 
                  [30m████[31m████[32m████[33m████[34m████[35m████[36m████[37m████[0m
                  [90m████[91m████[92m████[93m████[94m████[95m████[96m████[97m████[0m[1G[22A[54C≺ nn ☦ ergasterion ≻
[54C  ⪧[60GArch Linux x86_64
[54C  ⪧[60GLinux 6.19.6-1-cachyos-server
[54C󰏖  ⪧[60G1352 (pacman)
[54C  ⪧[60Gfish 4.5.0
[54C  ⪧[60Gsshd
[54C󰍹  ⪧[60G1920x1080 in 49", 60 Hz [External]
[54C󰌢  ⪧[60GH81M-D2V
[54C  ⪧[60GIntel(R) Core(TM) i7-4770 (8) @ 3.90 GHz
[54C󰾲  ⪧[60GAMD Radeon HD 6770
[54C󰾲  ⪧[60GIntel Xeon E3-1200 v3/4th Gen Core Processor Integrated Graphics Controller @ 1.20 GHz [Integrated]
[54C  ⪧[60G[ ❄❄❄❄❄🞚🞚🞚🞚🞚🞚🞚🞚🞚🞚🞚🞚🞚🞚🞚 ] 2.02 GiB / 7.64 GiB (26%)
[54C󰓡  ⪧[60G[ ❄🞚🞚🞚🞚🞚🞚🞚🞚🞚🞚🞚🞚🞚🞚🞚🞚🞚🞚🞚 ] 799.60 MiB / 11.82 GiB (7%)
[54C  ⪧[60G[ ❄❄❄❄❄❄❄🞚🞚🞚🞚🞚🞚🞚🞚🞚🞚🞚🞚🞚 ] 35.25 GiB / 97.87 GiB (36%) - ext4
[54C  ⪧[60G[ ❄❄❄❄❄❄❄🞚🞚🞚🞚🞚🞚🞚🞚🞚🞚🞚🞚🞚 ] 37.55 GiB / 111.72 GiB (34%) - ext4
[54C󰩟  ⪧[60G192.168.0.10/24
[54C  ⪧[60G1 hour, 1 min







Success


Gathering remote info...
Successfully gathered remote info


Unity Editor found on the remote machine


Syncing project...
Project synced


Building...
Unity build successful


Syncing builds...
Builds synced
